[INFO] Scanning for projects...
[INFO] 
[INFO] ---------------< com.insurance:insurance-policy-service >---------------
[INFO] Building Insurance Policy Service 1.0.0
[INFO]   from pom.xml
[INFO] --------------------------------[ jar ]---------------------------------
[INFO] 
[INFO] --- jacoco:0.8.10:prepare-agent (default) @ insurance-policy-service ---
[INFO] argLine set to "-javaagent:C:\\Users\\diego\\.m2\\repository\\org\\jacoco\\org.jacoco.agent\\0.8.10\\org.jacoco.agent-0.8.10-runtime.jar=destfile=C:\\Users\\diego\\OneDrive\\Documentos\\Documentos Personales\\Prueba Tecnica\\insurance-policy-service\\target\\jacoco.exec"
[INFO] 
[INFO] --- resources:3.3.1:resources (default-resources) @ insurance-policy-service ---
[INFO] Copying 1 resource from src\main\resources to target\classes
[INFO] Copying 0 resource from src\main\resources to target\classes
[INFO] 
[INFO] --- compiler:3.11.0:compile (default-compile) @ insurance-policy-service ---
[INFO] Nothing to compile - all classes are up to date
[INFO] 
[INFO] --- resources:3.3.1:testResources (default-testResources) @ insurance-policy-service ---
[INFO] skip non existing resourceDirectory C:\Users\diego\OneDrive\Documentos\Documentos Personales\Prueba Tecnica\insurance-policy-service\src\test\resources
[INFO] 
[INFO] --- compiler:3.11.0:testCompile (default-testCompile) @ insurance-policy-service ---
[INFO] Changes detected - recompiling the module! :source
[INFO] Compiling 4 source files with javac [debug release 17] to target\test-classes
[INFO] -------------------------------------------------------------
[ERROR] COMPILATION ERROR : 
[INFO] -------------------------------------------------------------
[ERROR] /C:/Users/diego/OneDrive/Documentos/Documentos Personales/Prueba Tecnica/insurance-policy-service/src/test/java/com/insurance/infrastructure/rest/PolicyControllerTest.java:[14,42] package org.springframework.boot.test.mock does not exist
[ERROR] /C:/Users/diego/OneDrive/Documentos/Documentos Personales/Prueba Tecnica/insurance-policy-service/src/test/java/com/insurance/infrastructure/rest/ClientControllerTest.java:[14,42] package org.springframework.boot.test.mock does not exist
[ERROR] /C:/Users/diego/OneDrive/Documentos/Documentos Personales/Prueba Tecnica/insurance-policy-service/src/test/java/com/insurance/infrastructure/rest/PolicyControllerTest.java:[41,6] cannot find symbol
  symbol:   class MockBean
  location: class com.insurance.infrastructure.rest.PolicyControllerTest
[ERROR] /C:/Users/diego/OneDrive/Documentos/Documentos Personales/Prueba Tecnica/insurance-policy-service/src/test/java/com/insurance/infrastructure/rest/ClientControllerTest.java:[40,6] cannot find symbol
  symbol:   class MockBean
  location: class com.insurance.infrastructure.rest.ClientControllerTest
[INFO] 4 errors 
[INFO] -------------------------------------------------------------
[INFO] ------------------------------------------------------------------------
[INFO] BUILD FAILURE
[INFO] ------------------------------------------------------------------------
[INFO] Total time:  8.462 s
[INFO] Finished at: 2026-02-28T21:17:47-05:00
[INFO] ------------------------------------------------------------------------
[ERROR] Failed to execute goal org.apache.maven.plugins:maven-compiler-plugin:3.11.0:testCompile (default-testCompile) on project insurance-policy-service: Compilation failure: Compilation failure: 
[ERROR] /C:/Users/diego/OneDrive/Documentos/Documentos Personales/Prueba Tecnica/insurance-policy-service/src/test/java/com/insurance/infrastructure/rest/PolicyControllerTest.java:[14,42] package org.springframework.boot.test.mock does not exist
[ERROR] /C:/Users/diego/OneDrive/Documentos/Documentos Personales/Prueba Tecnica/insurance-policy-service/src/test/java/com/insurance/infrastructure/rest/ClientControllerTest.java:[14,42] package org.springframework.boot.test.mock does not exist
[ERROR] /C:/Users/diego/OneDrive/Documentos/Documentos Personales/Prueba Tecnica/insurance-policy-service/src/test/java/com/insurance/infrastructure/rest/PolicyControllerTest.java:[41,6] cannot find symbol
[ERROR]   symbol:   class MockBean
[ERROR]   location: class com.insurance.infrastructure.rest.PolicyControllerTest
[ERROR] /C:/Users/diego/OneDrive/Documentos/Documentos Personales/Prueba Tecnica/insurance-policy-service/src/test/java/com/insurance/infrastructure/rest/ClientControllerTest.java:[40,6] cannot find symbol
[ERROR]   symbol:   class MockBean
[ERROR]   location: class com.insurance.infrastructure.rest.ClientControllerTest
[ERROR] -> [Help 1]
[ERROR] 
[ERROR] To see the full stack trace of the errors, re-run Maven with the -e switch.
[ERROR] Re-run Maven using the -X switch to enable full debug logging.
[ERROR] 
[ERROR] For more information about the errors and possible solutions, please read the following articles:
[ERROR] [Help 1] http://cwiki.apache.org/confluence/display/MAVEN/MojoFailureException
